
> my-app@0.1.0 dev
> next dev

▲ Next.js 16.1.6 (Turbopack)
- Local:         http://localhost:3000
- Network:       http://192.168.0.2:3000

✓ Starting...
✓ Ready in 1180ms
○ Compiling / ...
 GET / 200 in 5.7s (compile: 4.7s, render: 947ms)
⨯ The requested resource "https://placehold.co/300x260/4a5568/white?text=Elephant" has type "image/svg+xml" but dangerouslyAllowSVG is disabled. Consider adding the "unoptimized" property to the <Image>.
⨯ The requested resource "https://placehold.co/300x260/d69e2e/white?text=Leopard" has type "image/svg+xml" but dangerouslyAllowSVG is disabled. Consider adding the "unoptimized" property to the <Image>.
⨯ The requested resource "https://placehold.co/300x260/c53030/white?text=Dhole" has type "image/svg+xml" but dangerouslyAllowSVG is disabled. Consider adding the "unoptimized" property to the <Image>.
⨯ The requested resource "https://placehold.co/600x800/2f855a/white?text=Dr.+Karanth" has type "image/svg+xml" but dangerouslyAllowSVG is disabled. Consider adding the "unoptimized" property to the <Image>.
⨯ The requested resource "https://placehold.co/300x260/718096/white?text=Gaur" has type "image/svg+xml" but dangerouslyAllowSVG is disabled. Consider adding the "unoptimized" property to the <Image>.
⨯ The requested resource "https://placehold.co/300x260/2f855a/white?text=Tiger" has type "image/svg+xml" but dangerouslyAllowSVG is disabled. Consider adding the "unoptimized" property to the <Image>.
⨯ The requested resource "https://placehold.co/86x86/4a5568/white?text=JS" has type "image/svg+xml" but dangerouslyAllowSVG is disabled. Consider adding the "unoptimized" property to the <Image>.
⨯ The requested resource "https://placehold.co/86x86/d69e2e/white?text=AR" has type "image/svg+xml" but dangerouslyAllowSVG is disabled. Consider adding the "unoptimized" property to the <Image>.
⨯ The requested resource "https://placehold.co/300x260/ed8936/white?text=Sambar" has type "image/svg+xml" but dangerouslyAllowSVG is disabled. Consider adding the "unoptimized" property to the <Image>.
⨯ The requested resource "https://placehold.co/86x86/2f855a/white?text=GS" has type "image/svg+xml" but dangerouslyAllowSVG is disabled. Consider adding the "unoptimized" property to the <Image>.
 GET /about 200 in 819ms (compile: 683ms, render: 136ms)
⨯ The requested resource "https://placehold.co/600x800/2f855a/white?text=Dr.+Karanth+Profile" has type "image/svg+xml" but dangerouslyAllowSVG is disabled. Consider adding the "unoptimized" property to the <Image>.
 GET /publications 200 in 749ms (compile: 594ms, render: 155ms)
⨯ The requested resource "https://placehold.co/200x300/2f855a/white?text=Among+Tigers" has type "image/svg+xml" but dangerouslyAllowSVG is disabled. Consider adding the "unoptimized" property to the <Image>.
⨯ The requested resource "https://placehold.co/200x300/d69e2e/white?text=Growing+Up" has type "image/svg+xml" but dangerouslyAllowSVG is disabled. Consider adding the "unoptimized" property to the <Image>.
⨯ The requested resource "https://placehold.co/200x300/4a5568/white?text=Science+Saving" has type "image/svg+xml" but dangerouslyAllowSVG is disabled. Consider adding the "unoptimized" property to the <Image>.
⨯ The requested resource "https://placehold.co/200x300/c53030/white?text=Way+of+Tiger" has type "image/svg+xml" but dangerouslyAllowSVG is disabled. Consider adding the "unoptimized" property to the <Image>.
 GET /commentary 200 in 2.2s (compile: 1867ms, render: 328ms)
 GET /kannada 200 in 602ms (compile: 525ms, render: 76ms)
 GET / 200 in 185ms (compile: 6ms, render: 179ms)
⨯ The requested resource "https://placehold.co/300x260/2f855a/white?text=Tiger" has type "image/svg+xml" but dangerouslyAllowSVG is disabled. Consider adding the "unoptimized" property to the <Image>.
⨯ The requested resource "https://placehold.co/300x260/c53030/white?text=Dhole" has type "image/svg+xml" but dangerouslyAllowSVG is disabled. Consider adding the "unoptimized" property to the <Image>.
⨯ The requested resource "https://placehold.co/300x260/d69e2e/white?text=Leopard" has type "image/svg+xml" but dangerouslyAllowSVG is disabled. Consider adding the "unoptimized" property to the <Image>.
⨯ The requested resource "https://placehold.co/300x260/718096/white?text=Gaur" has type "image/svg+xml" but dangerouslyAllowSVG is disabled. Consider adding the "unoptimized" property to the <Image>.
⨯ The requested resource "https://placehold.co/600x800/2f855a/white?text=Dr.+Karanth" has type "image/svg+xml" but dangerouslyAllowSVG is disabled. Consider adding the "unoptimized" property to the <Image>.
⨯ The requested resource "https://placehold.co/300x260/4a5568/white?text=Elephant" has type "image/svg+xml" but dangerouslyAllowSVG is disabled. Consider adding the "unoptimized" property to the <Image>.
⨯ The requested resource "https://placehold.co/300x260/ed8936/white?text=Sambar" has type "image/svg+xml" but dangerouslyAllowSVG is disabled. Consider adding the "unoptimized" property to the <Image>.
⨯ The requested resource "https://placehold.co/86x86/2f855a/white?text=GS" has type "image/svg+xml" but dangerouslyAllowSVG is disabled. Consider adding the "unoptimized" property to the <Image>.
⨯ The requested resource "https://placehold.co/86x86/d69e2e/white?text=AR" has type "image/svg+xml" but dangerouslyAllowSVG is disabled. Consider adding the "unoptimized" property to the <Image>.
⨯ The requested resource "https://placehold.co/86x86/4a5568/white?text=JS" has type "image/svg+xml" but dangerouslyAllowSVG is disabled. Consider adding the "unoptimized" property to the <Image>.
 GET /about 200 in 119ms (compile: 4ms, render: 115ms)
⨯ The requested resource "https://placehold.co/600x800/2f855a/white?text=Dr.+Karanth+Profile" has type "image/svg+xml" but dangerouslyAllowSVG is disabled. Consider adding the "unoptimized" property to the <Image>.
 GET /publications 200 in 92ms (compile: 3ms, render: 88ms)
⨯ The requested resource "https://placehold.co/200x300/d69e2e/white?text=Growing+Up" has type "image/svg+xml" but dangerouslyAllowSVG is disabled. Consider adding the "unoptimized" property to the <Image>.
⨯ The requested resource "https://placehold.co/200x300/2f855a/white?text=Among+Tigers" has type "image/svg+xml" but dangerouslyAllowSVG is disabled. Consider adding the "unoptimized" property to the <Image>.
⨯ The requested resource "https://placehold.co/200x300/c53030/white?text=Way+of+Tiger" has type "image/svg+xml" but dangerouslyAllowSVG is disabled. Consider adding the "unoptimized" property to the <Image>.
⨯ The requested resource "https://placehold.co/200x300/4a5568/white?text=Science+Saving" has type "image/svg+xml" but dangerouslyAllowSVG is disabled. Consider adding the "unoptimized" property to the <Image>.
 GET /media-gallery 200 in 733ms (compile: 570ms, render: 164ms)
⨯ The requested resource "https://placehold.co/800x600/2f855a/white?text=Tiger+in+Grass" has type "image/svg+xml" but dangerouslyAllowSVG is disabled. Consider adding the "unoptimized" property to the <Image>.
⨯ The requested resource "https://placehold.co/800x600/c53030/white?text=Dhole+Pack" has type "image/svg+xml" but dangerouslyAllowSVG is disabled. Consider adding the "unoptimized" property to the <Image>.
⨯ The requested resource "https://placehold.co/800x600/4a5568/white?text=Elephant+Herd" has type "image/svg+xml" but dangerouslyAllowSVG is disabled. Consider adding the "unoptimized" property to the <Image>.
⨯ The requested resource "https://placehold.co/800x600/d69e2e/white?text=Leopard+Resting" has type "image/svg+xml" but dangerouslyAllowSVG is disabled. Consider adding the "unoptimized" property to the <Image>.
⨯ The requested resource "https://placehold.co/800x600/ed8936/white?text=Sambar+Deer" has type "image/svg+xml" but dangerouslyAllowSVG is disabled. Consider adding the "unoptimized" property to the <Image>.
⨯ The requested resource "https://placehold.co/800x600/718096/white?text=Gaur+Grazing" has type "image/svg+xml" but dangerouslyAllowSVG is disabled. Consider adding the "unoptimized" property to the <Image>.
⨯ The requested resource "https://placehold.co/800x600/2f855a/white?text=Field+Work" has type "image/svg+xml" but dangerouslyAllowSVG is disabled. Consider adding the "unoptimized" property to the <Image>.
⨯ The requested resource "https://placehold.co/800x600/d69e2e/white?text=Camera+Trap" has type "image/svg+xml" but dangerouslyAllowSVG is disabled. Consider adding the "unoptimized" property to the <Image>.
⨯ The requested resource "https://placehold.co/800x600/4a5568/white?text=Landscape" has type "image/svg+xml" but dangerouslyAllowSVG is disabled. Consider adding the "unoptimized" property to the <Image>.
 GET /commentary 200 in 109ms (compile: 4ms, render: 105ms)
 GET /kannada 200 in 158ms (compile: 4ms, render: 155ms)
⚠ Found a change in next.config.ts. Restarting the server to apply the changes...
▲ Next.js 16.1.6 (Turbopack)
- Local:         http://localhost:3000
- Network:       http://192.168.0.2:3000

✓ Starting...
✓ Ready in 1120ms
[?25h
